// Jest Snapshot v1, https://goo.gl/fbAQLP

exports[`<ErrorBoundary /> should render snapshot 1`] = `
<div>
  content mock
</div>
`;
